[rank: 0] Seed set to 47020
Error executing job with overrides: ['exp_id=centerpoint_baseline_db_try_slurm', 'batch_size=4', 'num_workers=2', 'epochs=12']
Traceback (most recent call last):
  File "/home/martwevers/.conda/envs/amp/lib/python3.9/urllib/request.py", line 1346, in do_open
    h.request(req.get_method(), req.selector, req.data, headers,
  File "/home/martwevers/.conda/envs/amp/lib/python3.9/http/client.py", line 1285, in request
    self._send_request(method, url, body, headers, encode_chunked)
  File "/home/martwevers/.conda/envs/amp/lib/python3.9/http/client.py", line 1331, in _send_request
    self.endheaders(body, encode_chunked=encode_chunked)
  File "/home/martwevers/.conda/envs/amp/lib/python3.9/http/client.py", line 1280, in endheaders
    self._send_output(message_body, encode_chunked=encode_chunked)
  File "/home/martwevers/.conda/envs/amp/lib/python3.9/http/client.py", line 1040, in _send_output
    self.send(msg)
  File "/home/martwevers/.conda/envs/amp/lib/python3.9/http/client.py", line 980, in send
    self.connect()
  File "/home/martwevers/.conda/envs/amp/lib/python3.9/http/client.py", line 1447, in connect
    super().connect()
  File "/home/martwevers/.conda/envs/amp/lib/python3.9/http/client.py", line 946, in connect
    self.sock = self._create_connection(
  File "/home/martwevers/.conda/envs/amp/lib/python3.9/socket.py", line 856, in create_connection
    raise err
  File "/home/martwevers/.conda/envs/amp/lib/python3.9/socket.py", line 844, in create_connection
    sock.connect(sa)
ConnectionRefusedError: [Errno 111] Connection refused

During handling of the above exception, another exception occurred:

Traceback (most recent call last):
  File "/home/martwevers/final_assignment/amp_FA/src/tools/train.py", line 25, in train
    train_dataset = ViewOfDelft(data_root=cfg.data_root, split='train')
  File "/home/martwevers/final_assignment/amp_FA/src/dataset/view_of_delft.py", line 43, in __init__
    self.seg_model = deeplabv3_resnet50(weights=DeepLabV3_ResNet50_Weights.DEFAULT)
  File "/home/martwevers/.conda/envs/amp/lib/python3.9/site-packages/torchvision/models/_utils.py", line 142, in wrapper
    return fn(*args, **kwargs)
  File "/home/martwevers/.conda/envs/amp/lib/python3.9/site-packages/torchvision/models/_utils.py", line 228, in inner_wrapper
    return builder(*args, **kwargs)
  File "/home/martwevers/.conda/envs/amp/lib/python3.9/site-packages/torchvision/models/segmentation/deeplabv3.py", line 278, in deeplabv3_resnet50
    model.load_state_dict(weights.get_state_dict(progress=progress, check_hash=True))
  File "/home/martwevers/.conda/envs/amp/lib/python3.9/site-packages/torchvision/models/_api.py", line 90, in get_state_dict
    return load_state_dict_from_url(self.url, *args, **kwargs)
  File "/home/martwevers/.conda/envs/amp/lib/python3.9/site-packages/torch/hub.py", line 871, in load_state_dict_from_url
    download_url_to_file(url, cached_file, hash_prefix, progress=progress)
  File "/home/martwevers/.conda/envs/amp/lib/python3.9/site-packages/torch/hub.py", line 712, in download_url_to_file
    u = urlopen(req)
  File "/home/martwevers/.conda/envs/amp/lib/python3.9/urllib/request.py", line 214, in urlopen
    return opener.open(url, data, timeout)
  File "/home/martwevers/.conda/envs/amp/lib/python3.9/urllib/request.py", line 517, in open
    response = self._open(req, data)
  File "/home/martwevers/.conda/envs/amp/lib/python3.9/urllib/request.py", line 534, in _open
    result = self._call_chain(self.handle_open, protocol, protocol +
  File "/home/martwevers/.conda/envs/amp/lib/python3.9/urllib/request.py", line 494, in _call_chain
    result = func(*args)
  File "/home/martwevers/.conda/envs/amp/lib/python3.9/urllib/request.py", line 1389, in https_open
    return self.do_open(http.client.HTTPSConnection, req,
  File "/home/martwevers/.conda/envs/amp/lib/python3.9/urllib/request.py", line 1349, in do_open
    raise URLError(err)
urllib.error.URLError: <urlopen error [Errno 111] Connection refused>

Set the environment variable HYDRA_FULL_ERROR=1 for a complete stack trace.
srun: error: gpu020: task 0: Exited with exit code 1
srun: launch/slurm: _step_signal: Terminating StepId=9436999.0
