[rank: 0] Seed set to 47020
wandb: WARNING The anonymous setting has no effect and will be removed in a future version.
wandb: [wandb.login()] Loaded credentials for https://api.wandb.ai from /home/martwevers/.netrc.
wandb: Currently logged in as: martw (martw-tu-delft) to https://api.wandb.ai. Use `wandb login --relogin` to force relogin
wandb: setting up run 7awnip2v
wandb: Tracking run with wandb version 0.25.0
wandb: Run data is saved locally in outputs/centerpoint_baseline_db_try_slurm/wandb_logs/wandb/run-20260323_150831-7awnip2v
wandb: Run `wandb offline` to turn off syncing.
wandb: Syncing run centerpoint_baseline_db_try_slurm
wandb: ⭐️ View project at https://wandb.ai/martw-tu-delft/amp
wandb: 🚀 View run at https://wandb.ai/martw-tu-delft/amp/runs/7awnip2v
GPU available: True (cuda), used: True
TPU available: False, using: 0 TPU cores
HPU available: False, using: 0 HPUs
You are using a CUDA device ('NVIDIA A100 80GB PCIe MIG 1g.10gb') that has Tensor Cores. To properly utilize them, you should set `torch.set_float32_matmul_precision('medium' | 'high')` which will trade-off precision for performance. For more details, read https://pytorch.org/docs/stable/generated/torch.set_float32_matmul_precision.html#torch.set_float32_matmul_precision
LOCAL_RANK: 0 - CUDA_VISIBLE_DEVICES: [MIG-GPU-99f13452-b4cf-19e2-776f-3d40f2a5da23/7/0]

  | Name           | Type                | Params | Mode 
---------------------------------------------------------------
0 | voxel_layer    | Voxelization        | 0      | train
1 | voxel_encoder  | PillarFeatureNet    | 1.1 K  | train
2 | middle_encoder | PointPillarsScatter | 0      | train
3 | backbone       | SECOND              | 4.2 M  | train
4 | neck           | SECONDFPN           | 598 K  | train
5 | head           | CenterHead          | 791 K  | train
---------------------------------------------------------------
5.6 M     Trainable params
0         Non-trainable params
5.6 M     Total params
22.397    Total estimated model params size (MB)
175       Modules in train mode
0         Modules in eval mode
SLURM auto-requeueing enabled. Setting signal handlers.
/home/martwevers/.conda/envs/amp/lib/python3.9/site-packages/torchvision/transforms/functional.py:154: UserWarning: The given NumPy array is not writable, and PyTorch does not support non-writable tensors. This means writing to this tensor will result in undefined behavior. You may want to copy the array to protect its data or make it writable before converting it to a tensor. This type of warning will be suppressed for the rest of this program. (Triggered internally at /pytorch/torch/csrc/utils/tensor_numpy.cpp:203.)
  img = torch.from_numpy(pic.transpose((2, 0, 1))).contiguous()
/home/martwevers/.conda/envs/amp/lib/python3.9/site-packages/torchvision/transforms/functional.py:154: UserWarning: The given NumPy array is not writable, and PyTorch does not support non-writable tensors. This means writing to this tensor will result in undefined behavior. You may want to copy the array to protect its data or make it writable before converting it to a tensor. This type of warning will be suppressed for the rest of this program. (Triggered internally at /pytorch/torch/csrc/utils/tensor_numpy.cpp:203.)
  img = torch.from_numpy(pic.transpose((2, 0, 1))).contiguous()
Error executing job with overrides: ['exp_id=centerpoint_baseline_db_try_slurm', 'batch_size=4', 'num_workers=2', 'epochs=12']
Traceback (most recent call last):
  File "/home/martwevers/final_assignment/amp_FA/src/tools/train.py", line 74, in train
    trainer.fit(model,
  File "/home/martwevers/.conda/envs/amp/lib/python3.9/site-packages/lightning/pytorch/trainer/trainer.py", line 561, in fit
    call._call_and_handle_interrupt(
  File "/home/martwevers/.conda/envs/amp/lib/python3.9/site-packages/lightning/pytorch/trainer/call.py", line 48, in _call_and_handle_interrupt
    return trainer_fn(*args, **kwargs)
  File "/home/martwevers/.conda/envs/amp/lib/python3.9/site-packages/lightning/pytorch/trainer/trainer.py", line 599, in _fit_impl
    self._run(model, ckpt_path=ckpt_path)
  File "/home/martwevers/.conda/envs/amp/lib/python3.9/site-packages/lightning/pytorch/trainer/trainer.py", line 1012, in _run
    results = self._run_stage()
  File "/home/martwevers/.conda/envs/amp/lib/python3.9/site-packages/lightning/pytorch/trainer/trainer.py", line 1054, in _run_stage
    self._run_sanity_check()
  File "/home/martwevers/.conda/envs/amp/lib/python3.9/site-packages/lightning/pytorch/trainer/trainer.py", line 1083, in _run_sanity_check
    val_loop.run()
  File "/home/martwevers/.conda/envs/amp/lib/python3.9/site-packages/lightning/pytorch/loops/utilities.py", line 179, in _decorator
    return loop_run(self, *args, **kwargs)
  File "/home/martwevers/.conda/envs/amp/lib/python3.9/site-packages/lightning/pytorch/loops/evaluation_loop.py", line 138, in run
    batch, batch_idx, dataloader_idx = next(data_fetcher)
  File "/home/martwevers/.conda/envs/amp/lib/python3.9/site-packages/lightning/pytorch/loops/fetchers.py", line 134, in __next__
    batch = super().__next__()
  File "/home/martwevers/.conda/envs/amp/lib/python3.9/site-packages/lightning/pytorch/loops/fetchers.py", line 61, in __next__
    batch = next(self.iterator)
  File "/home/martwevers/.conda/envs/amp/lib/python3.9/site-packages/lightning/pytorch/utilities/combined_loader.py", line 341, in __next__
    out = next(self._iterator)
  File "/home/martwevers/.conda/envs/amp/lib/python3.9/site-packages/lightning/pytorch/utilities/combined_loader.py", line 142, in __next__
    out = next(self.iterators[0])
  File "/home/martwevers/.conda/envs/amp/lib/python3.9/site-packages/torch/utils/data/dataloader.py", line 733, in __next__
    data = self._next_data()
  File "/home/martwevers/.conda/envs/amp/lib/python3.9/site-packages/torch/utils/data/dataloader.py", line 1515, in _next_data
    return self._process_data(data, worker_id)
  File "/home/martwevers/.conda/envs/amp/lib/python3.9/site-packages/torch/utils/data/dataloader.py", line 1550, in _process_data
    data.reraise()
  File "/home/martwevers/.conda/envs/amp/lib/python3.9/site-packages/torch/_utils.py", line 750, in reraise
    raise exception
RuntimeError: Caught RuntimeError in DataLoader worker process 0.
Original Traceback (most recent call last):
  File "/home/martwevers/.conda/envs/amp/lib/python3.9/site-packages/torch/utils/data/_utils/worker.py", line 349, in _worker_loop
    data = fetcher.fetch(index)  # type: ignore[possibly-undefined]
  File "/home/martwevers/.conda/envs/amp/lib/python3.9/site-packages/torch/utils/data/_utils/fetch.py", line 52, in fetch
    data = [self.dataset[idx] for idx in possibly_batched_index]
  File "/home/martwevers/.conda/envs/amp/lib/python3.9/site-packages/torch/utils/data/_utils/fetch.py", line 52, in <listcomp>
    data = [self.dataset[idx] for idx in possibly_batched_index]
  File "/home/martwevers/final_assignment/amp_FA/src/dataset/view_of_delft.py", line 64, in __getitem__
    img_tensor = self.image_transform(image).unsqueeze(0).to(self.device)
  File "/home/martwevers/.conda/envs/amp/lib/python3.9/site-packages/torch/cuda/__init__.py", line 358, in _lazy_init
    raise RuntimeError(
RuntimeError: Cannot re-initialize CUDA in forked subprocess. To use CUDA with multiprocessing, you must use the 'spawn' start method


Set the environment variable HYDRA_FULL_ERROR=1 for a complete stack trace.
srun: Job step aborted: Waiting up to 122 seconds for job step to finish.
slurmstepd: error: *** JOB 9437168 ON gpu020 CANCELLED AT 2026-03-23T15:14:19 ***
